CASE RC.eprime
param: 100166617566-RC.eprime-param
status: ok
total_rule_applications: 56
    16 expand_comprehension_native
    13 index_to_bubble
    12 distribute_not_over_and
     9 constant_evaluator
     4 remove_unit_vector_and
     1 expand_bubble
     1 minus_to_sum

CASE SRC-asymmetric.eprime
param: 100166617566-SRC-asymmetric.eprime-param
status: ok
total_rule_applications: 530
   112 expand_comprehension_native
   108 constant_evaluator
    80 remove_unit_vector_and
    74 index_to_bubble
    61 remove_unit_vector_or
    44 matrix_to_list
    22 negated_eq_to_neq
    16 normalise_associative_commutative
     8 distribute_or_over_and
     2 expand_bubble
     2 merge_nested_ac_comprehensions
     1 distribute_not_over_and

CASE SRC-spo.eprime
param: 100166617566-SRC-spo.eprime-param
status: ok
total_rule_applications: 538
   114 expand_comprehension_native
   110 constant_evaluator
    80 remove_unit_vector_and
    78 index_to_bubble
    61 remove_unit_vector_or
    44 matrix_to_list
    22 negated_eq_to_neq
    16 normalise_associative_commutative
     8 distribute_or_over_and
     2 expand_bubble
     2 merge_nested_ac_comprehensions
     1 distribute_not_over_and

CASE SRC-acyclic.eprime
param: 100166617566-SRC-acyclic.eprime-param
status: ok
total_rule_applications: 552
   118 expand_comprehension_native
   114 constant_evaluator
    84 index_to_bubble
    80 remove_unit_vector_and
    61 remove_unit_vector_or
    44 matrix_to_list
    22 negated_eq_to_neq
    16 normalise_associative_commutative
     8 distribute_or_over_and
     2 expand_bubble
     2 merge_nested_ac_comprehensions
     1 distribute_not_over_and

CASE SRC-multivariate.eprime
param: 100166617566-SRC-multivariate.eprime-param
status: ok
total_rule_applications: 538
   125 expand_comprehension_native
   121 constant_evaluator
    80 remove_unit_vector_and
    78 index_to_bubble
    61 remove_unit_vector_or
    44 matrix_to_list
    16 normalise_associative_commutative
     8 distribute_or_over_and
     2 expand_bubble
     2 merge_nested_ac_comprehensions
     1 distribute_not_over_and
