CASE RC.eprime
param: 100166617566-RC.eprime-param
status: ok
total_rule_applications: 74
    28 remove_unit_vector_and
    16 expand_comprehension_native
    13 index_to_bubble
    12 constant_evaluator
     3 remove_dimension_from_matrix_indexing
     1 expand_bubble
     1 minus_to_sum

CASE SRC-asymmetric.eprime
param: 100166617566-SRC-asymmetric.eprime-param
status: ok
total_rule_applications: 569
   119 constant_evaluator
   112 expand_comprehension_native
    83 remove_unit_vector_and
    76 remove_unit_vector_or
    74 index_to_bubble
    44 matrix_to_list
    22 negated_eq_to_neq
    16 normalise_associative_commutative
    10 remove_dimension_from_matrix_indexing
     8 distribute_or_over_and
     2 expand_bubble
     2 merge_nested_ac_comprehensions
     1 distribute_not_over_and

CASE SRC-spo.eprime
param: 100166617566-SRC-spo.eprime-param
status: ok
total_rule_applications: 577
   121 constant_evaluator
   114 expand_comprehension_native
    83 remove_unit_vector_and
    78 index_to_bubble
    76 remove_unit_vector_or
    44 matrix_to_list
    22 negated_eq_to_neq
    16 normalise_associative_commutative
    10 remove_dimension_from_matrix_indexing
     8 distribute_or_over_and
     2 expand_bubble
     2 merge_nested_ac_comprehensions
     1 distribute_not_over_and

CASE SRC-acyclic.eprime
param: 100166617566-SRC-acyclic.eprime-param
status: timeout
total_rule_applications: 583
   122 constant_evaluator
   113 expand_comprehension_native
    84 index_to_bubble
    83 remove_unit_vector_and
    76 remove_unit_vector_or
    44 matrix_to_list
    22 negated_eq_to_neq
    16 normalise_associative_commutative
    10 remove_dimension_from_matrix_indexing
     8 distribute_or_over_and
     2 expand_bubble
     2 merge_nested_ac_comprehensions
     1 distribute_not_over_and

CASE SRC-multivariate.eprime
param: 100166617566-SRC-multivariate.eprime-param
status: timeout
total_rule_applications: 562
   128 constant_evaluator
   114 expand_comprehension_native
    83 remove_unit_vector_and
    78 index_to_bubble
    76 remove_unit_vector_or
    44 matrix_to_list
    16 normalise_associative_commutative
    10 remove_dimension_from_matrix_indexing
     8 distribute_or_over_and
     2 expand_bubble
     2 merge_nested_ac_comprehensions
     1 distribute_not_over_and

CASE CLA-OC.eprime
param: 100166617566-CLA-OC.eprime-param
status: timeout
total_rule_applications: 346
   138 index_to_bubble
    58 constant_evaluator
    50 remove_dimension_from_matrix_indexing
    48 expand_comprehension_native
    15 normalise_associative_commutative
    11 expand_bubble
    11 remove_unit_vector_and
    10 distribute_or_over_and
     2 normalise_implies_uncurry
     1 expand_lex_lt_leq
     1 merge_nested_ac_comprehensions
     1 remove_unit_vector_or

CASE CLA-general.eprime
param: 100166617566-CLA-general.eprime-param
status: timeout
total_rule_applications: 399
   159 index_to_bubble
    73 constant_evaluator
    71 remove_dimension_from_matrix_indexing
    47 expand_comprehension_native
    17 normalise_associative_commutative
    14 expand_bubble
     7 remove_unit_vector_or
     5 distribute_or_over_and
     2 negated_eq_to_neq
     1 distribute_not_over_and
     1 expand_lex_lt_leq
     1 merge_nested_ac_comprehensions
     1 normalise_implies_uncurry

