CASE RC.eprime
param: 100166617566-RC.eprime-param
status: ok
total_rule_applications: 110
    36 remove_unit_vector_and
    25 constant_evaluator
    16 expand_comprehension_native
    14 index_to_bubble
     9 expand_bubble
     9 normalise_associative_commutative
     1 minus_to_sum

CASE SRC-asymmetric.eprime
param: 100166617566-SRC-asymmetric.eprime-param
status: timeout
total_rule_applications: 636
   178 constant_evaluator
    96 remove_unit_vector_and
    83 index_to_bubble
    76 remove_unit_vector_or
    68 expand_comprehension_native
    45 normalise_associative_commutative
    38 expand_bubble
    30 matrix_to_list
    11 distribute_or_over_and
     8 negated_eq_to_neq
     2 merge_nested_ac_comprehensions
     1 distribute_not_over_and

CASE SRC-spo.eprime
param: 100166617566-SRC-spo.eprime-param
status: timeout
total_rule_applications: 656
   182 constant_evaluator
   100 remove_unit_vector_and
    87 index_to_bubble
    76 remove_unit_vector_or
    68 expand_comprehension_native
    49 normalise_associative_commutative
    42 expand_bubble
    30 matrix_to_list
    11 distribute_or_over_and
     8 negated_eq_to_neq
     2 merge_nested_ac_comprehensions
     1 distribute_not_over_and

CASE SRC-acyclic.eprime
param: 100166617566-SRC-acyclic.eprime-param
status: timeout
total_rule_applications: 644
   179 constant_evaluator
   100 remove_unit_vector_and
    93 index_to_bubble
    76 remove_unit_vector_or
    55 normalise_associative_commutative
    53 expand_comprehension_native
    48 expand_bubble
    24 matrix_to_list
    11 distribute_or_over_and
     2 merge_nested_ac_comprehensions
     2 negated_eq_to_neq
     1 distribute_not_over_and

CASE SRC-multivariate.eprime
param: 100166617566-SRC-multivariate.eprime-param
status: timeout
total_rule_applications: 653
   178 constant_evaluator
    95 remove_unit_vector_and
    94 index_to_bubble
    76 remove_unit_vector_or
    66 normalise_associative_commutative
    53 expand_comprehension_native
    52 expand_bubble
    22 matrix_to_list
    14 distribute_or_over_and
     2 merge_nested_ac_comprehensions
     1 distribute_not_over_and

CASE CLA-OC.eprime
param: 100166617566-CLA-OC.eprime-param
status: timeout
total_rule_applications: 393
   139 constant_evaluator
   107 index_to_bubble
    54 normalise_associative_commutative
    48 expand_bubble
    38 remove_unit_vector_and
     4 distribute_or_over_and
     2 normalise_implies_uncurry
     1 merge_nested_ac_comprehensions

CASE CLA-general.eprime
param: 100166617566-CLA-general.eprime-param
status: timeout
total_rule_applications: 365
   148 constant_evaluator
    94 index_to_bubble
    48 normalise_associative_commutative
    38 expand_bubble
    28 remove_unit_vector_and
     4 distribute_or_over_and
     2 negated_eq_to_neq
     1 distribute_not_over_and
     1 merge_nested_ac_comprehensions
     1 normalise_implies_uncurry
