MINION 3
# CSETopLevel_number = 0
# CSETopLevel_eliminated_expressions = 0
# CSETopLevel_total_size = 0
# CSE_active_number = 0
# CSE_active_eliminated_expressions = 0
# CSE_active_total_size = 0
**VARIABLES**
DISCRETE x #
{1..10}
DISCRETE y #
{1..10}
BOOL b #
**TUPLELIST**
tab 10 2
1 1 
2 2 
3 3 
4 4 
5 5 
6 6 
7 7 
8 8 
9 9 
10 10 
**VARIABLES**
ALIAS tab[10,2]=[[1, 1], [2, 2], [3, 3], [4, 4], [5, 5], [6, 6], [7, 7], [8, 8], [9, 9], [10, 10]]
**SEARCH**
PRINT[[x],[y],[b]]
VARORDER STATIC [x, y, b]
VARORDER AUX [x,y,b]
**CONSTRAINTS**
reify(negativetable([x, y], tab), b)**EOF**
