MINION 3
# CSETopLevel_number = 0
# CSETopLevel_eliminated_expressions = 0
# CSETopLevel_total_size = 0
# CSE_number = 0
# CSE_eliminated_expressions = 0
# CSE_total_size = 0
**VARIABLES**
DISCRETE x #
{1..6}
**CONSTRAINTS**
w-inintervalset(x, [1,1,6,6])
**VARIABLES**
**SEARCH**
PRINT[[x]]
VARORDER STATIC [x]
VARORDER AUX [x]
**CONSTRAINTS**
w-literal(x,1)**EOF**
