{
  "cnf_clauses": [],
  "constraints": {
    "Root": [
      {
        "etype": null
      },
      [
        {
          "Eq": [
            {
              "etype": null
            },
            {
              "Sum": [
                {
                  "etype": null
                },
                {
                  "Comprehension": [
                    {
                      "etype": null
                    },
                    {
                      "qualifiers": [
                        {
                          "ExpressionGenerator": {
                            "ptr": {
                              "object_id": 3,
                              "type_name": "DeclarationPtrInner"
                            }
                          }
                        }
                      ],
                      "return_expression": {
                        "Atomic": [
                          {
                            "etype": null
                          },
                          {
                            "Reference": {
                              "ptr": {
                                "object_id": 3,
                                "type_name": "DeclarationPtrInner"
                              },
                              "repr": null
                            }
                          }
                        ]
                      },
                      "skip_operator": "Sum",
                      "symbols": {
                        "id": {
                          "object_id": 2,
                          "type_name": "SymbolTable"
                        },
                        "next_machine_name": 0,
                        "parent": {
                          "object_id": 0,
                          "type_name": "SymbolTable"
                        },
                        "table": [
                          [
                            {
                              "User": "i"
                            },
                            {
                              "id": {
                                "object_id": 3,
                                "type_name": "DeclarationPtrInner"
                              },
                              "kind": {
                                "QuantifiedExpr": {
                                  "Atomic": [
                                    {
                                      "etype": null
                                    },
                                    {
                                      "Reference": {
                                        "ptr": {
                                          "object_id": 1,
                                          "type_name": "DeclarationPtrInner"
                                        },
                                        "repr": null
                                      }
                                    }
                                  ]
                                }
                              },
                              "name": {
                                "User": "i"
                              }
                            }
                          ]
                        ]
                      }
                    }
                  ]
                }
              ]
            },
            {
              "Atomic": [
                {
                  "etype": null
                },
                {
                  "Literal": {
                    "Int": 2
                  }
                }
              ]
            }
          ]
        }
      ]
    ]
  },
  "dominance": null,
  "objective": null,
  "search_order": null,
  "symbols": {
    "id": {
      "object_id": 0,
      "type_name": "SymbolTable"
    },
    "next_machine_name": 0,
    "parent": null,
    "table": [
      [
        {
          "User": "x"
        },
        {
          "id": {
            "object_id": 1,
            "type_name": "DeclarationPtrInner"
          },
          "kind": {
            "Find": {
              "domain": {
                "Ground": {
                  "Set": [
                    {
                      "size": "Unbounded"
                    },
                    {
                      "Int": [
                        {
                          "Bounded": [
                            1,
                            10
                          ]
                        }
                      ]
                    }
                  ]
                }
              }
            }
          },
          "name": {
            "User": "x"
          }
        }
      ]
    ]
  }
}


find x: set of int(1..10)
find x#SetExplicitWithSize_1: matrix indexed by [int(1..10)] of int(1..10)
find x#SetExplicitWithSize_2: int(0..10)
find x#SetOccurrence_1: bool
find x#SetOccurrence_2: bool
find x#SetOccurrence_3: bool
find x#SetOccurrence_4: bool
find x#SetOccurrence_5: bool
find x#SetOccurrence_6: bool
find x#SetOccurrence_7: bool
find x#SetOccurrence_8: bool
find x#SetOccurrence_9: bool
find x#SetOccurrence_10: bool
find x#SetExplicitWithSize_1#MatrixToAtom_1: int(1..10)
find x#SetExplicitWithSize_1#MatrixToAtom_2: int(1..10)
find x#SetExplicitWithSize_1#MatrixToAtom_3: int(1..10)
find x#SetExplicitWithSize_1#MatrixToAtom_4: int(1..10)
find x#SetExplicitWithSize_1#MatrixToAtom_5: int(1..10)
find x#SetExplicitWithSize_1#MatrixToAtom_6: int(1..10)
find x#SetExplicitWithSize_1#MatrixToAtom_7: int(1..10)
find x#SetExplicitWithSize_1#MatrixToAtom_8: int(1..10)
find x#SetExplicitWithSize_1#MatrixToAtom_9: int(1..10)
find x#SetExplicitWithSize_1#MatrixToAtom_10: int(1..10)
find __0: int(0..1)
find __1: int(0..1)
find __2: int(0..1)
find __3: int(0..1)
find __4: int(0..1)
find __5: int(0..1)
find __6: int(0..1)
find __7: int(0..1)
find __8: int(0..1)
find __9: int(0..1)
find __10: int(0..1)
find __11: int(0..1)
find __12: int(0..1)
find __13: int(0..1)
find __14: int(0..1)
find __15: int(0..1)
find __16: int(0..1)
find __17: int(0..1)
find __18: int(0..1)
find __19: int(0..1)

such that

sum([ i | i <- x ]) = 2,
SumGeq([__0, __1, __2, __3, __4, __5, __6, __7, __8, __9], 0),
SumLeq([__10, __11, __12, __13, __14, __15, __16, __17, __18, __19], 10),
and([ __0 in x | __0 <- x ]),
and([ __0 in x | __0 <- x ]),
__0 =aux toInt(x#SetOccurrence_1),
__1 =aux toInt(x#SetOccurrence_2),
__2 =aux toInt(x#SetOccurrence_3),
__3 =aux toInt(x#SetOccurrence_4),
__4 =aux toInt(x#SetOccurrence_5),
__5 =aux toInt(x#SetOccurrence_6),
__6 =aux toInt(x#SetOccurrence_7),
__7 =aux toInt(x#SetOccurrence_8),
__8 =aux toInt(x#SetOccurrence_9),
__9 =aux toInt(x#SetOccurrence_10),
__10 =aux toInt(x#SetOccurrence_1),
__11 =aux toInt(x#SetOccurrence_2),
__12 =aux toInt(x#SetOccurrence_3),
__13 =aux toInt(x#SetOccurrence_4),
__14 =aux toInt(x#SetOccurrence_5),
__15 =aux toInt(x#SetOccurrence_6),
__16 =aux toInt(x#SetOccurrence_7),
__17 =aux toInt(x#SetOccurrence_8),
__18 =aux toInt(x#SetOccurrence_9),
__19 =aux toInt(x#SetOccurrence_10)

Model before rewriting:

find x: set of int(1..10)

such that

sum([ i | i <- x ]) = 2

--

sum([ i | i <- x ]) = 2
   ~~> select_representation_unconstrained ([("ReprGeneral", 9900)])
sum([ i | i <- x ]) = 2
new variables:
  find x#SetExplicitWithSize_1: matrix indexed by [int(1..10)] of int(1..10)
  find x#SetExplicitWithSize_2: int(0..10)
  find x#SetOccurrence_1: bool
  find x#SetOccurrence_10: bool
  find x#SetOccurrence_2: bool
  find x#SetOccurrence_3: bool
  find x#SetOccurrence_4: bool
  find x#SetOccurrence_5: bool
  find x#SetOccurrence_6: bool
  find x#SetOccurrence_7: bool
  find x#SetOccurrence_8: bool
  find x#SetOccurrence_9: bool
new constraints:
  or([x#SetExplicitWithSize_2 < 2,([1;int(1..1)] <lex [2;int(1..1)]);int(1..)])
  or([x#SetExplicitWithSize_2 < 3,([2;int(1..1)] <lex [3;int(1..1)]);int(1..)])
  or([x#SetExplicitWithSize_2 < 4,([3;int(1..1)] <lex [4;int(1..1)]);int(1..)])
  or([x#SetExplicitWithSize_2 < 5,([4;int(1..1)] <lex [5;int(1..1)]);int(1..)])
  or([x#SetExplicitWithSize_2 < 6,([5;int(1..1)] <lex [6;int(1..1)]);int(1..)])
  or([x#SetExplicitWithSize_2 < 7,([6;int(1..1)] <lex [7;int(1..1)]);int(1..)])
  or([x#SetExplicitWithSize_2 < 8,([7;int(1..1)] <lex [8;int(1..1)]);int(1..)])
  or([x#SetExplicitWithSize_2 < 9,([8;int(1..1)] <lex [9;int(1..1)]);int(1..)])
  or([x#SetExplicitWithSize_2 < 10,([9;int(1..1)] <lex [10;int(1..1)]);int(1..)])
  and([sum([toInt(x#SetOccurrence_1),toInt(x#SetOccurrence_2),toInt(x#SetOccurrence_3),toInt(x#SetOccurrence_4),toInt(x#SetOccurrence_5),toInt(x#SetOccurrence_6),toInt(x#SetOccurrence_7),toInt(x#SetOccurrence_8),toInt(x#SetOccurrence_9),toInt(x#SetOccurrence_10);int(1..)]) >= 0,sum([toInt(x#SetOccurrence_1),toInt(x#SetOccurrence_2),toInt(x#SetOccurrence_3),toInt(x#SetOccurrence_4),toInt(x#SetOccurrence_5),toInt(x#SetOccurrence_6),toInt(x#SetOccurrence_7),toInt(x#SetOccurrence_8),toInt(x#SetOccurrence_9),toInt(x#SetOccurrence_10);int(1..)]) <= 10;int(1..)])
  x = x

--

x = x
   ~~> eq_to_subset_eq ([("Base", 8800)])
and([(x subsetEq x),(x subsetEq x);int(1..)])

--

(x subsetEq x)
   ~~> subseteq_set ([("Base", 8700)])
and([ __0 in x | __0 <- x ])

--

(x subsetEq x)
   ~~> subseteq_set ([("Base", 8700)])
and([ __0 in x | __0 <- x ])

--

sum([ i | i <- x ]) = 2,
true,
true,
true,
true,
true,
true,
true,
true,
true,
and([sum([toInt(x#SetOccurrence_1),toInt(x#SetOccurrence_2),toInt(x#SetOccurrence_3),toInt(x#SetOccurrence_4),toInt(x#SetOccurrence_5),toInt(x#SetOccurrence_6),toInt(x#SetOccurrence_7),toInt(x#SetOccurrence_8),toInt(x#SetOccurrence_9),toInt(x#SetOccurrence_10);int(1..)]) >= 0,sum([toInt(x#SetOccurrence_1),toInt(x#SetOccurrence_2),toInt(x#SetOccurrence_3),toInt(x#SetOccurrence_4),toInt(x#SetOccurrence_5),toInt(x#SetOccurrence_6),toInt(x#SetOccurrence_7),toInt(x#SetOccurrence_8),toInt(x#SetOccurrence_9),toInt(x#SetOccurrence_10);int(1..)]) <= 10;int(1..)]),
and([and([ __0 in x | __0 <- x ]),and([ __0 in x | __0 <- x ]);int(1..)])
   ~~> select_repr_mta ([("ReprMatrixToAtom", 8500)])
sum([ i | i <- x ]) = 2,
true,
true,
true,
true,
true,
true,
true,
true,
true,
and([sum([toInt(x#SetOccurrence_1),toInt(x#SetOccurrence_2),toInt(x#SetOccurrence_3),toInt(x#SetOccurrence_4),toInt(x#SetOccurrence_5),toInt(x#SetOccurrence_6),toInt(x#SetOccurrence_7),toInt(x#SetOccurrence_8),toInt(x#SetOccurrence_9),toInt(x#SetOccurrence_10);int(1..)]) >= 0,sum([toInt(x#SetOccurrence_1),toInt(x#SetOccurrence_2),toInt(x#SetOccurrence_3),toInt(x#SetOccurrence_4),toInt(x#SetOccurrence_5),toInt(x#SetOccurrence_6),toInt(x#SetOccurrence_7),toInt(x#SetOccurrence_8),toInt(x#SetOccurrence_9),toInt(x#SetOccurrence_10);int(1..)]) <= 10;int(1..)]),
and([and([ __0 in x | __0 <- x ]),and([ __0 in x | __0 <- x ]);int(1..)])
new variables:
  find x#SetExplicitWithSize_1#MatrixToAtom_1: int(1..10)
  find x#SetExplicitWithSize_1#MatrixToAtom_10: int(1..10)
  find x#SetExplicitWithSize_1#MatrixToAtom_2: int(1..10)
  find x#SetExplicitWithSize_1#MatrixToAtom_3: int(1..10)
  find x#SetExplicitWithSize_1#MatrixToAtom_4: int(1..10)
  find x#SetExplicitWithSize_1#MatrixToAtom_5: int(1..10)
  find x#SetExplicitWithSize_1#MatrixToAtom_6: int(1..10)
  find x#SetExplicitWithSize_1#MatrixToAtom_7: int(1..10)
  find x#SetExplicitWithSize_1#MatrixToAtom_8: int(1..10)
  find x#SetExplicitWithSize_1#MatrixToAtom_9: int(1..10)

--

sum([toInt(x#SetOccurrence_1),toInt(x#SetOccurrence_2),toInt(x#SetOccurrence_3),toInt(x#SetOccurrence_4),toInt(x#SetOccurrence_5),toInt(x#SetOccurrence_6),toInt(x#SetOccurrence_7),toInt(x#SetOccurrence_8),toInt(x#SetOccurrence_9),toInt(x#SetOccurrence_10);int(1..)]) >= 0
   ~~> introduce_weighted_sumleq_sumgeq ([("Minion", 4600)])
SumGeq([__0, __1, __2, __3, __4, __5, __6, __7, __8, __9], 0)
new variables:
  find __0: int(0..1)
  find __1: int(0..1)
  find __2: int(0..1)
  find __3: int(0..1)
  find __4: int(0..1)
  find __5: int(0..1)
  find __6: int(0..1)
  find __7: int(0..1)
  find __8: int(0..1)
  find __9: int(0..1)
new constraints:
  __0 =aux toInt(x#SetOccurrence_1)
  __1 =aux toInt(x#SetOccurrence_2)
  __2 =aux toInt(x#SetOccurrence_3)
  __3 =aux toInt(x#SetOccurrence_4)
  __4 =aux toInt(x#SetOccurrence_5)
  __5 =aux toInt(x#SetOccurrence_6)
  __6 =aux toInt(x#SetOccurrence_7)
  __7 =aux toInt(x#SetOccurrence_8)
  __8 =aux toInt(x#SetOccurrence_9)
  __9 =aux toInt(x#SetOccurrence_10)

--

sum([toInt(x#SetOccurrence_1),toInt(x#SetOccurrence_2),toInt(x#SetOccurrence_3),toInt(x#SetOccurrence_4),toInt(x#SetOccurrence_5),toInt(x#SetOccurrence_6),toInt(x#SetOccurrence_7),toInt(x#SetOccurrence_8),toInt(x#SetOccurrence_9),toInt(x#SetOccurrence_10);int(1..)]) <= 10
   ~~> introduce_weighted_sumleq_sumgeq ([("Minion", 4600)])
SumLeq([__10, __11, __12, __13, __14, __15, __16, __17, __18, __19], 10)
new variables:
  find __10: int(0..1)
  find __11: int(0..1)
  find __12: int(0..1)
  find __13: int(0..1)
  find __14: int(0..1)
  find __15: int(0..1)
  find __16: int(0..1)
  find __17: int(0..1)
  find __18: int(0..1)
  find __19: int(0..1)
new constraints:
  __10 =aux toInt(x#SetOccurrence_1)
  __11 =aux toInt(x#SetOccurrence_2)
  __12 =aux toInt(x#SetOccurrence_3)
  __13 =aux toInt(x#SetOccurrence_4)
  __14 =aux toInt(x#SetOccurrence_5)
  __15 =aux toInt(x#SetOccurrence_6)
  __16 =aux toInt(x#SetOccurrence_7)
  __17 =aux toInt(x#SetOccurrence_8)
  __18 =aux toInt(x#SetOccurrence_9)
  __19 =aux toInt(x#SetOccurrence_10)

--

Final model:

find x: set of int(1..10)
find x#SetExplicitWithSize_1: matrix indexed by [int(1..10)] of int(1..10)
find x#SetExplicitWithSize_2: int(0..10)
find x#SetOccurrence_1: bool
find x#SetOccurrence_2: bool
find x#SetOccurrence_3: bool
find x#SetOccurrence_4: bool
find x#SetOccurrence_5: bool
find x#SetOccurrence_6: bool
find x#SetOccurrence_7: bool
find x#SetOccurrence_8: bool
find x#SetOccurrence_9: bool
find x#SetOccurrence_10: bool
find x#SetExplicitWithSize_1#MatrixToAtom_1: int(1..10)
find x#SetExplicitWithSize_1#MatrixToAtom_2: int(1..10)
find x#SetExplicitWithSize_1#MatrixToAtom_3: int(1..10)
find x#SetExplicitWithSize_1#MatrixToAtom_4: int(1..10)
find x#SetExplicitWithSize_1#MatrixToAtom_5: int(1..10)
find x#SetExplicitWithSize_1#MatrixToAtom_6: int(1..10)
find x#SetExplicitWithSize_1#MatrixToAtom_7: int(1..10)
find x#SetExplicitWithSize_1#MatrixToAtom_8: int(1..10)
find x#SetExplicitWithSize_1#MatrixToAtom_9: int(1..10)
find x#SetExplicitWithSize_1#MatrixToAtom_10: int(1..10)
find __0: int(0..1)
find __1: int(0..1)
find __2: int(0..1)
find __3: int(0..1)
find __4: int(0..1)
find __5: int(0..1)
find __6: int(0..1)
find __7: int(0..1)
find __8: int(0..1)
find __9: int(0..1)
find __10: int(0..1)
find __11: int(0..1)
find __12: int(0..1)
find __13: int(0..1)
find __14: int(0..1)
find __15: int(0..1)
find __16: int(0..1)
find __17: int(0..1)
find __18: int(0..1)
find __19: int(0..1)

such that

sum([ i | i <- x ]) = 2,
true,
true,
true,
true,
true,
true,
true,
true,
true,
and([SumGeq([__0, __1, __2, __3, __4, __5, __6, __7, __8, __9], 0),SumLeq([__10, __11, __12, __13, __14, __15, __16, __17, __18, __19], 10);int(1..)]),
and([and([ __0 in x | __0 <- x ]),and([ __0 in x | __0 <- x ]);int(1..)]),
__0 =aux toInt(x#SetOccurrence_1),
__1 =aux toInt(x#SetOccurrence_2),
__2 =aux toInt(x#SetOccurrence_3),
__3 =aux toInt(x#SetOccurrence_4),
__4 =aux toInt(x#SetOccurrence_5),
__5 =aux toInt(x#SetOccurrence_6),
__6 =aux toInt(x#SetOccurrence_7),
__7 =aux toInt(x#SetOccurrence_8),
__8 =aux toInt(x#SetOccurrence_9),
__9 =aux toInt(x#SetOccurrence_10),
__10 =aux toInt(x#SetOccurrence_1),
__11 =aux toInt(x#SetOccurrence_2),
__12 =aux toInt(x#SetOccurrence_3),
__13 =aux toInt(x#SetOccurrence_4),
__14 =aux toInt(x#SetOccurrence_5),
__15 =aux toInt(x#SetOccurrence_6),
__16 =aux toInt(x#SetOccurrence_7),
__17 =aux toInt(x#SetOccurrence_8),
__18 =aux toInt(x#SetOccurrence_9),
__19 =aux toInt(x#SetOccurrence_10)

