resolve_expr Reference { ptr: DeclarationPtr { inner: DeclarationPtrInner { id: ObjId { type_name: u!("DeclarationPtrInner"), object_id: 3 }, value: RwLock { data: Declaration { name: User(u!("fin4")), kind: ValueLetting(Atomic(Metadata { etype: None, span_id: None, stored_hash: 0 }, Literal(Int(4))), Some(Moo { inner: Ground(Moo { inner: Int([]) }) })) } } } } }
conved Atomic(Metadata { etype: None, span_id: None, stored_hash: 0 }, Literal(Int(4)))
Solutions:
[]
