total_rule_applications: 91
    23 constant_evaluator
    13 flatten_generic
    12 index_to_bubble
     7 introduce_weighted_sumleq_sumgeq
     6 introduce_element_from_index
     6 minus_to_sum
     4 matrix_to_list
     3 introduce_poweq
     3 pow_to_bubble
     3 select_representation_matrix
     2 bool_eq_to_reify
     2 index_matrix_to_atom
     2 leq_to_ineq
     1 expand_comprehension_via_solver_ac
     1 flatten_eq
     1 flatten_imply
     1 introduce_reifyimply_ineq_from_imply
     1 normalise_associative_commutative
