{
  "cnf_clauses": [],
  "constraints": {
    "Root": [
      {
        "etype": null
      },
      [
        {
          "Eq": [
            {
              "etype": null
            },
            {
              "Sum": [
                {
                  "etype": null
                },
                {
                  "Comprehension": [
                    {
                      "etype": null
                    },
                    {
                      "qualifiers": [
                        {
                          "ExpressionGenerator": {
                            "ptr": {
                              "object_id": 4,
                              "type_name": "DeclarationPtrInner"
                            }
                          }
                        }
                      ],
                      "return_expression": {
                        "Atomic": [
                          {
                            "etype": null
                          },
                          {
                            "Reference": {
                              "ptr": {
                                "object_id": 4,
                                "type_name": "DeclarationPtrInner"
                              },
                              "repr": null
                            }
                          }
                        ]
                      },
                      "skip_operator": "Sum",
                      "symbols": {
                        "id": {
                          "object_id": 3,
                          "type_name": "SymbolTable"
                        },
                        "next_machine_name": 0,
                        "parent": {
                          "object_id": 0,
                          "type_name": "SymbolTable"
                        },
                        "table": [
                          [
                            {
                              "User": "i"
                            },
                            {
                              "id": {
                                "object_id": 4,
                                "type_name": "DeclarationPtrInner"
                              },
                              "kind": {
                                "QuantifiedExpr": {
                                  "Union": [
                                    {
                                      "etype": null
                                    },
                                    {
                                      "Atomic": [
                                        {
                                          "etype": null
                                        },
                                        {
                                          "Reference": {
                                            "ptr": {
                                              "object_id": 1,
                                              "type_name": "DeclarationPtrInner"
                                            },
                                            "repr": null
                                          }
                                        }
                                      ]
                                    },
                                    {
                                      "Atomic": [
                                        {
                                          "etype": null
                                        },
                                        {
                                          "Reference": {
                                            "ptr": {
                                              "object_id": 2,
                                              "type_name": "DeclarationPtrInner"
                                            },
                                            "repr": null
                                          }
                                        }
                                      ]
                                    }
                                  ]
                                }
                              },
                              "name": {
                                "User": "i"
                              }
                            }
                          ]
                        ]
                      }
                    }
                  ]
                }
              ]
            },
            {
              "Atomic": [
                {
                  "etype": null
                },
                {
                  "Literal": {
                    "Int": 2
                  }
                }
              ]
            }
          ]
        }
      ]
    ]
  },
  "dominance": null,
  "objective": null,
  "search_order": null,
  "symbols": {
    "id": {
      "object_id": 0,
      "type_name": "SymbolTable"
    },
    "next_machine_name": 0,
    "parent": null,
    "table": [
      [
        {
          "User": "a"
        },
        {
          "id": {
            "object_id": 1,
            "type_name": "DeclarationPtrInner"
          },
          "kind": {
            "Find": {
              "domain": {
                "Ground": {
                  "Set": [
                    {
                      "size": "Unbounded"
                    },
                    {
                      "Int": [
                        {
                          "Bounded": [
                            1,
                            4
                          ]
                        }
                      ]
                    }
                  ]
                }
              }
            }
          },
          "name": {
            "User": "a"
          }
        }
      ],
      [
        {
          "User": "b"
        },
        {
          "id": {
            "object_id": 2,
            "type_name": "DeclarationPtrInner"
          },
          "kind": {
            "Find": {
              "domain": {
                "Ground": {
                  "Set": [
                    {
                      "size": "Unbounded"
                    },
                    {
                      "Int": [
                        {
                          "Bounded": [
                            1,
                            4
                          ]
                        }
                      ]
                    }
                  ]
                }
              }
            }
          },
          "name": {
            "User": "b"
          }
        }
      ]
    ]
  }
}


find a: set of int(1..4)
find b: set of int(1..4)
find a#SetOccurrence_1: bool
find a#SetOccurrence_2: bool
find a#SetOccurrence_3: bool
find a#SetOccurrence_4: bool
find a#SetExplicitWithSize_1: matrix indexed by [int(1..4)] of int(1..4)
find a#SetExplicitWithSize_2: int(0..4)
find b#SetOccurrence_1: bool
find b#SetOccurrence_2: bool
find b#SetOccurrence_3: bool
find b#SetOccurrence_4: bool
find b#SetExplicitWithSize_1: matrix indexed by [int(1..4)] of int(1..4)
find b#SetExplicitWithSize_2: int(0..4)
find a#SetExplicitWithSize_1#MatrixToAtom_1: int(1..4)
find a#SetExplicitWithSize_1#MatrixToAtom_2: int(1..4)
find a#SetExplicitWithSize_1#MatrixToAtom_3: int(1..4)
find a#SetExplicitWithSize_1#MatrixToAtom_4: int(1..4)
find b#SetExplicitWithSize_1#MatrixToAtom_1: int(1..4)
find b#SetExplicitWithSize_1#MatrixToAtom_2: int(1..4)
find b#SetExplicitWithSize_1#MatrixToAtom_3: int(1..4)
find b#SetExplicitWithSize_1#MatrixToAtom_4: int(1..4)
find __0: matrix indexed by [int(1..)] of int(1..4)
find __1: matrix indexed by [int(1..)] of int(1..4)

such that

sum(flatten([__0,__1;int(1..)])) = 2,
SumGeq([a#SetOccurrence_1, a#SetOccurrence_2, a#SetOccurrence_3, a#SetOccurrence_4], 0),
SumLeq([a#SetOccurrence_1, a#SetOccurrence_2, a#SetOccurrence_3, a#SetOccurrence_4], 4),
and([ __0 in a | __0 <- a ]),
and([ __0 in a | __0 <- a ]),
SumGeq([b#SetOccurrence_1, b#SetOccurrence_2, b#SetOccurrence_3, b#SetOccurrence_4], 0),
SumLeq([b#SetOccurrence_1, b#SetOccurrence_2, b#SetOccurrence_3, b#SetOccurrence_4], 4),
and([ __0 in b | __0 <- b ]),
and([ __0 in b | __0 <- b ]),
__0 =aux [ i | i <- a ],
__1 =aux [ i | i <- b, !(i in a) ]

Model before rewriting:

find a: set of int(1..4)
find b: set of int(1..4)

such that

sum([ i | i <- (a union b) ]) = 2

--

sum([ i | i <- (a union b) ]) = 2
   ~~> select_representation_unconstrained ([("ReprGeneral", 9900)])
sum([ i | i <- (a union b) ]) = 2
new variables:
  find a#SetExplicitWithSize_1: matrix indexed by [int(1..4)] of int(1..4)
  find a#SetExplicitWithSize_2: int(0..4)
  find a#SetOccurrence_1: bool
  find a#SetOccurrence_2: bool
  find a#SetOccurrence_3: bool
  find a#SetOccurrence_4: bool
  find b#SetExplicitWithSize_1: matrix indexed by [int(1..4)] of int(1..4)
  find b#SetExplicitWithSize_2: int(0..4)
  find b#SetOccurrence_1: bool
  find b#SetOccurrence_2: bool
  find b#SetOccurrence_3: bool
  find b#SetOccurrence_4: bool
new constraints:
  and([sum([toInt(a#SetOccurrence_1),toInt(a#SetOccurrence_2),toInt(a#SetOccurrence_3),toInt(a#SetOccurrence_4);int(1..)]) >= 0,sum([toInt(a#SetOccurrence_1),toInt(a#SetOccurrence_2),toInt(a#SetOccurrence_3),toInt(a#SetOccurrence_4);int(1..)]) <= 4;int(1..)])
  or([a#SetExplicitWithSize_2 < 2,([1;int(1..1)] <lex [2;int(1..1)]);int(1..)])
  or([a#SetExplicitWithSize_2 < 3,([2;int(1..1)] <lex [3;int(1..1)]);int(1..)])
  or([a#SetExplicitWithSize_2 < 4,([3;int(1..1)] <lex [4;int(1..1)]);int(1..)])
  a = a
  and([sum([toInt(b#SetOccurrence_1),toInt(b#SetOccurrence_2),toInt(b#SetOccurrence_3),toInt(b#SetOccurrence_4);int(1..)]) >= 0,sum([toInt(b#SetOccurrence_1),toInt(b#SetOccurrence_2),toInt(b#SetOccurrence_3),toInt(b#SetOccurrence_4);int(1..)]) <= 4;int(1..)])
  or([b#SetExplicitWithSize_2 < 2,([1;int(1..1)] <lex [2;int(1..1)]);int(1..)])
  or([b#SetExplicitWithSize_2 < 3,([2;int(1..1)] <lex [3;int(1..1)]);int(1..)])
  or([b#SetExplicitWithSize_2 < 4,([3;int(1..1)] <lex [4;int(1..1)]);int(1..)])
  b = b

--

a = a
   ~~> eq_to_subset_eq ([("Base", 8800)])
and([(a subsetEq a),(a subsetEq a);int(1..)])

--

b = b
   ~~> eq_to_subset_eq ([("Base", 8800)])
and([(b subsetEq b),(b subsetEq b);int(1..)])

--

[ i | i <- (a union b) ]
   ~~> union_set ([("Base", 8700)])
flatten([[ i | i <- a ],[ i | i <- b, !(i in a) ];int(1..)])

--

(a subsetEq a)
   ~~> subseteq_set ([("Base", 8700)])
and([ __0 in a | __0 <- a ])

--

(a subsetEq a)
   ~~> subseteq_set ([("Base", 8700)])
and([ __0 in a | __0 <- a ])

--

(b subsetEq b)
   ~~> subseteq_set ([("Base", 8700)])
and([ __0 in b | __0 <- b ])

--

(b subsetEq b)
   ~~> subseteq_set ([("Base", 8700)])
and([ __0 in b | __0 <- b ])

--

sum(flatten([[ i | i <- a ],[ i | i <- b, !(i in a) ];int(1..)])) = 2,
and([sum([toInt(a#SetOccurrence_1),toInt(a#SetOccurrence_2),toInt(a#SetOccurrence_3),toInt(a#SetOccurrence_4);int(1..)]) >= 0,sum([toInt(a#SetOccurrence_1),toInt(a#SetOccurrence_2),toInt(a#SetOccurrence_3),toInt(a#SetOccurrence_4);int(1..)]) <= 4;int(1..)]),
true,
true,
true,
and([and([ __0 in a | __0 <- a ]),and([ __0 in a | __0 <- a ]);int(1..)]),
and([sum([toInt(b#SetOccurrence_1),toInt(b#SetOccurrence_2),toInt(b#SetOccurrence_3),toInt(b#SetOccurrence_4);int(1..)]) >= 0,sum([toInt(b#SetOccurrence_1),toInt(b#SetOccurrence_2),toInt(b#SetOccurrence_3),toInt(b#SetOccurrence_4);int(1..)]) <= 4;int(1..)]),
true,
true,
true,
and([and([ __0 in b | __0 <- b ]),and([ __0 in b | __0 <- b ]);int(1..)])
   ~~> select_repr_mta ([("ReprMatrixToAtom", 8500)])
sum(flatten([[ i | i <- a ],[ i | i <- b, !(i in a) ];int(1..)])) = 2,
and([sum([toInt(a#SetOccurrence_1),toInt(a#SetOccurrence_2),toInt(a#SetOccurrence_3),toInt(a#SetOccurrence_4);int(1..)]) >= 0,sum([toInt(a#SetOccurrence_1),toInt(a#SetOccurrence_2),toInt(a#SetOccurrence_3),toInt(a#SetOccurrence_4);int(1..)]) <= 4;int(1..)]),
true,
true,
true,
and([and([ __0 in a | __0 <- a ]),and([ __0 in a | __0 <- a ]);int(1..)]),
and([sum([toInt(b#SetOccurrence_1),toInt(b#SetOccurrence_2),toInt(b#SetOccurrence_3),toInt(b#SetOccurrence_4);int(1..)]) >= 0,sum([toInt(b#SetOccurrence_1),toInt(b#SetOccurrence_2),toInt(b#SetOccurrence_3),toInt(b#SetOccurrence_4);int(1..)]) <= 4;int(1..)]),
true,
true,
true,
and([and([ __0 in b | __0 <- b ]),and([ __0 in b | __0 <- b ]);int(1..)])
new variables:
  find a#SetExplicitWithSize_1#MatrixToAtom_1: int(1..4)
  find a#SetExplicitWithSize_1#MatrixToAtom_2: int(1..4)
  find a#SetExplicitWithSize_1#MatrixToAtom_3: int(1..4)
  find a#SetExplicitWithSize_1#MatrixToAtom_4: int(1..4)
  find b#SetExplicitWithSize_1#MatrixToAtom_1: int(1..4)
  find b#SetExplicitWithSize_1#MatrixToAtom_2: int(1..4)
  find b#SetExplicitWithSize_1#MatrixToAtom_3: int(1..4)
  find b#SetExplicitWithSize_1#MatrixToAtom_4: int(1..4)

--

sum([toInt(a#SetOccurrence_1),toInt(a#SetOccurrence_2),toInt(a#SetOccurrence_3),toInt(a#SetOccurrence_4);int(1..)]) >= 0
   ~~> introduce_weighted_sumleq_sumgeq ([("Minion", 4600)])
SumGeq([a#SetOccurrence_1, a#SetOccurrence_2, a#SetOccurrence_3, a#SetOccurrence_4], 0)

--

sum([toInt(a#SetOccurrence_1),toInt(a#SetOccurrence_2),toInt(a#SetOccurrence_3),toInt(a#SetOccurrence_4);int(1..)]) <= 4
   ~~> introduce_weighted_sumleq_sumgeq ([("Minion", 4600)])
SumLeq([a#SetOccurrence_1, a#SetOccurrence_2, a#SetOccurrence_3, a#SetOccurrence_4], 4)

--

sum([toInt(b#SetOccurrence_1),toInt(b#SetOccurrence_2),toInt(b#SetOccurrence_3),toInt(b#SetOccurrence_4);int(1..)]) >= 0
   ~~> introduce_weighted_sumleq_sumgeq ([("Minion", 4600)])
SumGeq([b#SetOccurrence_1, b#SetOccurrence_2, b#SetOccurrence_3, b#SetOccurrence_4], 0)

--

sum([toInt(b#SetOccurrence_1),toInt(b#SetOccurrence_2),toInt(b#SetOccurrence_3),toInt(b#SetOccurrence_4);int(1..)]) <= 4
   ~~> introduce_weighted_sumleq_sumgeq ([("Minion", 4600)])
SumLeq([b#SetOccurrence_1, b#SetOccurrence_2, b#SetOccurrence_3, b#SetOccurrence_4], 4)

--

flatten([[ i | i <- a ],[ i | i <- b, !(i in a) ];int(1..)])
   ~~> flatten_matrix_literal ([("Minion", 1000)])
flatten([__0,__1;int(1..)])
new variables:
  find __0: matrix indexed by [int(1..)] of int(1..4)
  find __1: matrix indexed by [int(1..)] of int(1..4)
new constraints:
  __0 =aux [ i | i <- a ]
  __1 =aux [ i | i <- b, !(i in a) ]

--

Final model:

find a: set of int(1..4)
find b: set of int(1..4)
find a#SetOccurrence_1: bool
find a#SetOccurrence_2: bool
find a#SetOccurrence_3: bool
find a#SetOccurrence_4: bool
find a#SetExplicitWithSize_1: matrix indexed by [int(1..4)] of int(1..4)
find a#SetExplicitWithSize_2: int(0..4)
find b#SetOccurrence_1: bool
find b#SetOccurrence_2: bool
find b#SetOccurrence_3: bool
find b#SetOccurrence_4: bool
find b#SetExplicitWithSize_1: matrix indexed by [int(1..4)] of int(1..4)
find b#SetExplicitWithSize_2: int(0..4)
find a#SetExplicitWithSize_1#MatrixToAtom_1: int(1..4)
find a#SetExplicitWithSize_1#MatrixToAtom_2: int(1..4)
find a#SetExplicitWithSize_1#MatrixToAtom_3: int(1..4)
find a#SetExplicitWithSize_1#MatrixToAtom_4: int(1..4)
find b#SetExplicitWithSize_1#MatrixToAtom_1: int(1..4)
find b#SetExplicitWithSize_1#MatrixToAtom_2: int(1..4)
find b#SetExplicitWithSize_1#MatrixToAtom_3: int(1..4)
find b#SetExplicitWithSize_1#MatrixToAtom_4: int(1..4)
find __0: matrix indexed by [int(1..)] of int(1..4)
find __1: matrix indexed by [int(1..)] of int(1..4)

such that

sum(flatten([__0,__1;int(1..)])) = 2,
and([SumGeq([a#SetOccurrence_1, a#SetOccurrence_2, a#SetOccurrence_3, a#SetOccurrence_4], 0),SumLeq([a#SetOccurrence_1, a#SetOccurrence_2, a#SetOccurrence_3, a#SetOccurrence_4], 4);int(1..)]),
true,
true,
true,
and([and([ __0 in a | __0 <- a ]),and([ __0 in a | __0 <- a ]);int(1..)]),
and([SumGeq([b#SetOccurrence_1, b#SetOccurrence_2, b#SetOccurrence_3, b#SetOccurrence_4], 0),SumLeq([b#SetOccurrence_1, b#SetOccurrence_2, b#SetOccurrence_3, b#SetOccurrence_4], 4);int(1..)]),
true,
true,
true,
and([and([ __0 in b | __0 <- b ]),and([ __0 in b | __0 <- b ]);int(1..)]),
__0 =aux [ i | i <- a ],
__1 =aux [ i | i <- b, !(i in a) ]

