Solutions:
[
  {
    "rel_RelationAsMatrix": {
      "AbstractLiteral": {
        "Matrix": [
          [
            {
              "AbstractLiteral": {
                "Matrix": [
                  [
                    {
                      "Int": 0
                    },
                    {
                      "Int": 0
                    },
                    {
                      "Int": 0
                    },
                    {
                      "Int": 0
                    }
                  ],
                  {
                    "Int": [
                      {
                        "UnboundedR": 1
                      }
                    ]
                  }
                ]
              }
            },
            {
              "AbstractLiteral": {
                "Matrix": [
                  [
                    {
                      "Int": 0
                    },
                    {
                      "Int": 0
                    },
                    {
                      "Int": 0
                    },
                    {
                      "Int": 0
                    }
                  ],
                  {
                    "Int": [
                      {
                        "UnboundedR": 1
                      }
                    ]
                  }
                ]
              }
            },
            {
              "AbstractLiteral": {
                "Matrix": [
                  [
                    {
                      "Int": 0
                    },
                    {
                      "Int": 0
                    },
                    {
                      "Int": 0
                    },
                    {
                      "Int": 0
                    }
                  ],
                  {
                    "Int": [
                      {
                        "UnboundedR": 1
                      }
                    ]
                  }
                ]
              }
            },
            {
              "AbstractLiteral": {
                "Matrix": [
                  [
                    {
                      "Int": 0
                    },
                    {
                      "Int": 0
                    },
                    {
                      "Int": 0
                    },
                    {
                      "Int": 0
                    }
                  ],
                  {
                    "Int": [
                      {
                        "UnboundedR": 1
                      }
                    ]
                  }
                ]
              }
            }
          ],
          {
            "Int": [
              {
                "UnboundedR": 1
              }
            ]
          }
        ]
      }
    },
    "score": {
      "Int": 0
    }
  }
]
