[
  {
    "pretty": "((sum([x,y;int(1..2)]) < (z - 2))) -> ((sum([a,b;int(1..2)]) > c))",
    "domain": {
      "Ground": "Bool"
    },
    "children": [
      {
        "pretty": "(sum([x,y;int(1..2)]) < (z - 2))",
        "domain": {
          "Ground": "Bool"
        },
        "children": [
          {
            "pretty": "sum([x,y;int(1..2)])",
            "domain": {
              "Ground": {
                "Int": [
                  {
                    "Bounded": [
                      2,
                      6
                    ]
                  }
                ]
              }
            },
            "children": [
              {
                "pretty": "[x,y;int(1..2)]",
                "domain": {
                  "Ground": {
                    "Matrix": [
                      {
                        "Int": [
                          {
                            "Bounded": [
                              1,
                              3
                            ]
                          }
                        ]
                      },
                      [
                        {
                          "Int": [
                            {
                              "Bounded": [
                                1,
                                2
                              ]
                            }
                          ]
                        }
                      ]
                    ]
                  }
                },
                "children": [
                  {
                    "pretty": "x",
                    "domain": {
                      "Ground": {
                        "Int": [
                          {
                            "Bounded": [
                              1,
                              3
                            ]
                          }
                        ]
                      }
                    },
                    "children": []
                  },
                  {
                    "pretty": "y",
                    "domain": {
                      "Ground": {
                        "Int": [
                          {
                            "Bounded": [
                              1,
                              3
                            ]
                          }
                        ]
                      }
                    },
                    "children": []
                  }
                ]
              }
            ]
          },
          {
            "pretty": "(z - 2)",
            "domain": {
              "Ground": {
                "Int": [
                  {
                    "Bounded": [
                      -1,
                      1
                    ]
                  }
                ]
              }
            },
            "children": [
              {
                "pretty": "z",
                "domain": {
                  "Ground": {
                    "Int": [
                      {
                        "Bounded": [
                          1,
                          3
                        ]
                      }
                    ]
                  }
                },
                "children": []
              },
              {
                "pretty": "2",
                "domain": {
                  "Ground": {
                    "Int": [
                      {
                        "Single": 2
                      }
                    ]
                  }
                },
                "children": []
              }
            ]
          }
        ]
      },
      {
        "pretty": "(sum([a,b;int(1..2)]) > c)",
        "domain": {
          "Ground": "Bool"
        },
        "children": [
          {
            "pretty": "sum([a,b;int(1..2)])",
            "domain": {
              "Ground": {
                "Int": [
                  {
                    "Bounded": [
                      0,
                      8
                    ]
                  }
                ]
              }
            },
            "children": [
              {
                "pretty": "[a,b;int(1..2)]",
                "domain": {
                  "Ground": {
                    "Matrix": [
                      {
                        "Int": [
                          {
                            "Bounded": [
                              0,
                              4
                            ]
                          }
                        ]
                      },
                      [
                        {
                          "Int": [
                            {
                              "Bounded": [
                                1,
                                2
                              ]
                            }
                          ]
                        }
                      ]
                    ]
                  }
                },
                "children": [
                  {
                    "pretty": "a",
                    "domain": {
                      "Ground": {
                        "Int": [
                          {
                            "Bounded": [
                              0,
                              4
                            ]
                          }
                        ]
                      }
                    },
                    "children": []
                  },
                  {
                    "pretty": "b",
                    "domain": {
                      "Ground": {
                        "Int": [
                          {
                            "Bounded": [
                              0,
                              4
                            ]
                          }
                        ]
                      }
                    },
                    "children": []
                  }
                ]
              }
            ]
          },
          {
            "pretty": "c",
            "domain": {
              "Ground": {
                "Int": [
                  {
                    "Bounded": [
                      0,
                      4
                    ]
                  }
                ]
              }
            },
            "children": []
          }
        ]
      }
    ]
  }
]