MINION 3
**VARIABLES**
DISCRETE x #
{1..9}
**CONSTRAINTS**
w-inset(x,[1, 2, 6, 7, 8, 9])
**VARIABLES**
DISCRETE y #
{3..5}
DISCRETE z #
{1..30}
**CONSTRAINTS**
w-inset(z,[1, 2, 3, 4, 5, 6, 7, 8, 9, 30])
**VARIABLES**
**SEARCH**
PRINT[[x],[y],[z]]
VARORDER STATIC [x,y,z]
VARORDER AUX []
**CONSTRAINTS**
sumleq([4,y],z)
sumleq([5,y],z)
sumleq([6,y],z)
ineq(x, y, -1)
sumleq([9,y],z)
sumleq([8,y],z)
sumleq([10,y],z)
**EOF**
