CASE RC.eprime
param: 100166617566-RC.eprime-param
status: ok
total_rule_applications: 309
   280 index_to_bubble
    16 expand_comprehension_native
    12 distribute_not_over_and
     1 minus_to_sum

CASE SRC-asymmetric.eprime
param: 100166617566-SRC-asymmetric.eprime-param
status: ok
total_rule_applications: 1371
   865 index_to_bubble
   140 normalise_associative_commutative
   120 remove_unit_vector_and
   112 expand_comprehension_native
    66 distribute_or_over_and
    44 matrix_to_list
    22 negated_eq_to_neq
     2 merge_nested_ac_comprehensions

CASE SRC-spo.eprime
param: 100166617566-SRC-spo.eprime-param
status: ok
total_rule_applications: 1701
  1193 index_to_bubble
   140 normalise_associative_commutative
   120 remove_unit_vector_and
   114 expand_comprehension_native
    66 distribute_or_over_and
    44 matrix_to_list
    22 negated_eq_to_neq
     2 merge_nested_ac_comprehensions

CASE SRC-acyclic.eprime
param: 100166617566-SRC-acyclic.eprime-param
status: ok
total_rule_applications: 1761
  1249 index_to_bubble
   140 normalise_associative_commutative
   120 remove_unit_vector_and
   118 expand_comprehension_native
    66 distribute_or_over_and
    44 matrix_to_list
    22 negated_eq_to_neq
     2 merge_nested_ac_comprehensions

CASE SRC-multivariate.eprime
param: 100166617566-SRC-multivariate.eprime-param
status: ok
total_rule_applications: 1767
  1259 index_to_bubble
   151 normalise_associative_commutative
   125 expand_comprehension_native
   120 remove_unit_vector_and
    66 distribute_or_over_and
    44 matrix_to_list
     2 merge_nested_ac_comprehensions
