CASE RC.eprime
param: 100166617566-RC.eprime-param
status: ok
total_rule_applications: 298
   280 index_to_bubble
    12 distribute_not_over_and
     5 expand_comprehension_native
     1 minus_to_sum

CASE SRC-asymmetric.eprime
param: 100166617566-SRC-asymmetric.eprime-param
status: ok
total_rule_applications: 959
   777 index_to_bubble
    94 remove_unit_vector_and
    46 normalise_associative_commutative
    22 matrix_to_list
    11 negated_eq_to_neq
     7 expand_comprehension_native
     2 merge_nested_ac_comprehensions

CASE SRC-spo.eprime
param: 100166617566-SRC-spo.eprime-param
status: ok
total_rule_applications: 1289
  1105 index_to_bubble
    94 remove_unit_vector_and
    46 normalise_associative_commutative
    22 matrix_to_list
    11 negated_eq_to_neq
     9 expand_comprehension_native
     2 merge_nested_ac_comprehensions

CASE SRC-acyclic.eprime
param: 100166617566-SRC-acyclic.eprime-param
status: ok
total_rule_applications: 1349
  1161 index_to_bubble
    94 remove_unit_vector_and
    46 normalise_associative_commutative
    22 matrix_to_list
    13 expand_comprehension_native
    11 negated_eq_to_neq
     2 merge_nested_ac_comprehensions

CASE SRC-multivariate.eprime
param: 100166617566-SRC-multivariate.eprime-param
status: ok
total_rule_applications: 1344
  1171 index_to_bubble
    94 remove_unit_vector_and
    46 normalise_associative_commutative
    22 matrix_to_list
     9 expand_comprehension_native
     2 merge_nested_ac_comprehensions
