run.sh: line 1: conjure-oxide: command not found
grep: trace.csv: No such file or directory
wc: trace.csv: No such file or directory
rm: cannot remove 'trace.csv': No such file or directory
run.sh: line 6: conjure-oxide: command not found
grep: trace.csv: No such file or directory
wc: trace.csv: No such file or directory
rm: cannot remove 'trace.csv': No such file or directory
