find class: matrix indexed by [int(1..n)] of int(1..2)
letting n be 5
find class#matrix_to_atom_1: int(1..2)
find class#matrix_to_atom_2: int(1..2)
find class#matrix_to_atom_3: int(1..2)
find class#matrix_to_atom_4: int(1..2)
find class#matrix_to_atom_5: int(1..2)

such that

or([(class#matrix_to_atom_3 != class#matrix_to_atom_4),(class#matrix_to_atom_4 != class#matrix_to_atom_5),(class#matrix_to_atom_5 != class#matrix_to_atom_3);int(1..)])

85
308991
find class: matrix indexed by [int(1..n)] of int(1..2)
letting n be 10
find class#matrix_to_atom_1: int(1..2)
find class#matrix_to_atom_10: int(1..2)
find class#matrix_to_atom_2: int(1..2)
find class#matrix_to_atom_3: int(1..2)
find class#matrix_to_atom_4: int(1..2)
find class#matrix_to_atom_5: int(1..2)
find class#matrix_to_atom_6: int(1..2)
find class#matrix_to_atom_7: int(1..2)
find class#matrix_to_atom_8: int(1..2)
find class#matrix_to_atom_9: int(1..2)

such that

or([(class#matrix_to_atom_3 != class#matrix_to_atom_4),(class#matrix_to_atom_4 != class#matrix_to_atom_5),(class#matrix_to_atom_5 != class#matrix_to_atom_3);int(1..)]),
or([(class#matrix_to_atom_6 != class#matrix_to_atom_8),(class#matrix_to_atom_8 != class#matrix_to_atom_10),(class#matrix_to_atom_10 != class#matrix_to_atom_6);int(1..)])

92
382449
