find class: matrix indexed by [int(1..5)] of int(1..2)
letting n be 5
find class#MatrixToAtom_1: int(1..2)
find class#MatrixToAtom_2: int(1..2)
find class#MatrixToAtom_3: int(1..2)
find class#MatrixToAtom_4: int(1..2)
find class#MatrixToAtom_5: int(1..2)

such that

or([(class#MatrixToAtom_3 != class#MatrixToAtom_4),(class#MatrixToAtom_4 != class#MatrixToAtom_5),(class#MatrixToAtom_5 != class#MatrixToAtom_3);int(1..)])

106
193672
find class: matrix indexed by [int(1..10)] of int(1..2)
letting n be 10
find class#MatrixToAtom_1: int(1..2)
find class#MatrixToAtom_10: int(1..2)
find class#MatrixToAtom_2: int(1..2)
find class#MatrixToAtom_3: int(1..2)
find class#MatrixToAtom_4: int(1..2)
find class#MatrixToAtom_5: int(1..2)
find class#MatrixToAtom_6: int(1..2)
find class#MatrixToAtom_7: int(1..2)
find class#MatrixToAtom_8: int(1..2)
find class#MatrixToAtom_9: int(1..2)

such that

or([(class#MatrixToAtom_3 != class#MatrixToAtom_4),(class#MatrixToAtom_4 != class#MatrixToAtom_5),(class#MatrixToAtom_5 != class#MatrixToAtom_3);int(1..)]),
or([(class#MatrixToAtom_6 != class#MatrixToAtom_8),(class#MatrixToAtom_8 != class#MatrixToAtom_10),(class#MatrixToAtom_10 != class#MatrixToAtom_6);int(1..)])

119
253088
