== guarded comprehension ==
n=10
  native: ok (19 line model; reference)
  via-solver: ok (agrees with native)
  via-solver-ac: ok (agrees with native)
  auto: ok
n=20
  native: ok (33 line model; reference)
  via-solver: ok (agrees with native)
  via-solver-ac: ok (agrees with native)
  auto: ok
n=30
  native: ok (48 line model; reference)
  via-solver: ok (agrees with native)
  via-solver-ac: ok (agrees with native)
  auto: ok
n=40
  native: ok (63 line model; reference)
  via-solver: ok (agrees with native)
  via-solver-ac: ok (agrees with native)
  auto: ok
n=50
  native: ok (77 line model; reference)
  via-solver: ok (agrees with native)
  via-solver-ac: ok (agrees with native)
  auto: ok
n=100
  native: ok (159 line model; reference)
  via-solver: ok (agrees with native)
  via-solver-ac: ok (agrees with native)
  auto: ok
n=250
  native: timeout
  via-solver: ok (422 line model; reference)
  via-solver-ac: ok (agrees with via-solver)
  auto: ok
== unguarded comprehension ==
n=10
  native: ok (19 line model; reference)
  via-solver: ok (agrees with native)
  via-solver-ac: ok (agrees with native)
  auto: ok
n=20
  native: ok (33 line model; reference)
  via-solver: ok (agrees with native)
  via-solver-ac: ok (agrees with native)
  auto: ok
n=30
  native: ok (48 line model; reference)
  via-solver: ok (agrees with native)
  via-solver-ac: ok (agrees with native)
  auto: ok
n=40
  native: timeout
  via-solver: timeout
  via-solver-ac: ok (63 line model; reference)
  auto: ok
n=50
  native: timeout
  via-solver: timeout
  via-solver-ac: ok (77 line model; reference)
  auto: ok
n=100
  native: timeout
  via-solver: timeout
  via-solver-ac: ok (159 line model; reference)
  auto: ok
n=250
  native: timeout
  via-solver: timeout
  via-solver-ac: ok (422 line model; reference)
  auto: ok
