MINION 3
# CSETopLevel_number = 0
# CSETopLevel_eliminated_expressions = 0
# CSETopLevel_total_size = 0
# CSE_number = 0
# CSE_eliminated_expressions = 0
# CSE_total_size = 0
**VARIABLES**
DISCRETE mat_00000 #
{1..10}
DISCRETE mat_00001 #
{1..10}
DISCRETE mat_00002 #
{1..10}
DISCRETE mat_00003 #
{1..10}
**SEARCH**
PRINT[[mat_00000],[mat_00001],[mat_00002],[mat_00003]]
VARORDER STATIC [mat_00000, mat_00001, mat_00002, mat_00003]
VARORDER AUX [mat_00000,mat_00001,mat_00002,mat_00003]
**CONSTRAINTS**
w-literal(mat_00000,6)
w-literal(mat_00001,6)
w-literal(mat_00002,6)
w-literal(mat_00003,6)
**EOF**
