find a: set{occurrence} of int(1..4)
find b: set{occurrence} of int(1..4)
find a#occurrence_1: bool
find a#occurrence_2: bool
find a#occurrence_3: bool
find a#occurrence_4: bool
find b#occurrence_1: bool
find b#occurrence_2: bool
find b#occurrence_3: bool
find b#occurrence_4: bool
findAux __0: int(0..1)
findAux __1: int(0..1)
findAux __2: int(0..1)
findAux __3: int(0..1)
findAux __4: int(0..1)
findAux __5: int(0..1)
findAux __6: int(0..1)
findAux __7: int(0..1)
findAux __8: int(0..1)
findAux __9: int(0..1)
findAux __10: int(0..1)
findAux __11: int(0..1)
findAux __12: bool
findAux __13: bool
findAux __14: bool
findAux __15: bool
findAux __16: bool
findAux __17: bool
findAux __18: bool
findAux __19: bool
findAux __20: bool
findAux __21: bool
findAux __22: bool
findAux __23: bool

such that

FlatWeightedSumLeq([2, 3, 6, 7, 4, 5, 3, 4, 5, 6, 4, 5],[__0, __1, __10, __11, __2, __3, __4, __5, __6, __7, __8, __9],10),
FlatWeightedSumGeq([2, 3, 6, 7, 4, 5, 3, 4, 5, 6, 4, 5],[__0, __1, __10, __11, __2, __3, __4, __5, __6, __7, __8, __9],10),
SumGeq([a#occurrence_1, a#occurrence_2, a#occurrence_3, a#occurrence_4], 0),
SumLeq([a#occurrence_1, a#occurrence_2, a#occurrence_3, a#occurrence_4], 4),
SumGeq([b#occurrence_1, b#occurrence_2, b#occurrence_3, b#occurrence_4], 0),
SumLeq([b#occurrence_1, b#occurrence_2, b#occurrence_3, b#occurrence_4], 4),
__0 =aux toInt(__12),
__1 =aux toInt(__13),
__2 =aux toInt(__14),
__3 =aux toInt(__15),
__4 =aux toInt(__16),
__5 =aux toInt(__17),
__6 =aux toInt(__18),
__7 =aux toInt(__19),
__8 =aux toInt(__20),
__9 =aux toInt(__21),
__10 =aux toInt(__22),
__11 =aux toInt(__23),
Reify(or([a#occurrence_1,b#occurrence_1;int(1..)]), __12),
Reify(or([a#occurrence_2,b#occurrence_2;int(1..)]), __13),
Reify(or([a#occurrence_3,b#occurrence_3;int(1..)]), __14),
Reify(or([a#occurrence_4,b#occurrence_4;int(1..)]), __15),
Reify(or([a#occurrence_1,b#occurrence_1;int(1..)]), __16),
Reify(or([a#occurrence_2,b#occurrence_2;int(1..)]), __17),
Reify(or([a#occurrence_3,b#occurrence_3;int(1..)]), __18),
Reify(or([a#occurrence_4,b#occurrence_4;int(1..)]), __19),
Reify(or([a#occurrence_1,b#occurrence_1;int(1..)]), __20),
Reify(or([a#occurrence_2,b#occurrence_2;int(1..)]), __21),
Reify(or([a#occurrence_3,b#occurrence_3;int(1..)]), __22),
Reify(or([a#occurrence_4,b#occurrence_4;int(1..)]), __23)

Model before rewriting:

find a: set of int(1..4)
find b: set of int(1..4)

such that

sum([ sum([i,j;int(1..2)]) | j : int(1..3), i <- (a union b) ]) = 10

--

sum([ sum([i,j;int(1..2)]) | j : int(1..3), i <- (a union b) ]) = 10
   ~~> select_representation_unconstrained ([("ReprGeneral", 9900)])
sum([ sum([i,j;int(1..2)]) | j : int(1..3), i <- (a union b) ]) = 10
new variables:
  find a#occurrence_1: bool
  find a#occurrence_2: bool
  find a#occurrence_3: bool
  find a#occurrence_4: bool
  find b#occurrence_1: bool
  find b#occurrence_2: bool
  find b#occurrence_3: bool
  find b#occurrence_4: bool
new constraints:
  and([sum([toInt(a#occurrence_1),toInt(a#occurrence_2),toInt(a#occurrence_3),toInt(a#occurrence_4);int(1..)]) >= 0,sum([toInt(a#occurrence_1),toInt(a#occurrence_2),toInt(a#occurrence_3),toInt(a#occurrence_4);int(1..)]) <= 4;int(1..)])
  and([sum([toInt(b#occurrence_1),toInt(b#occurrence_2),toInt(b#occurrence_3),toInt(b#occurrence_4);int(1..)]) >= 0,sum([toInt(b#occurrence_1),toInt(b#occurrence_2),toInt(b#occurrence_3),toInt(b#occurrence_4);int(1..)]) <= 4;int(1..)])

--

[ sum([i,j;int(1..2)]) | j : int(1..3), i <- (a union b) ]
   ~~> lower_occurrence_union_expression_generator ([("ReprGeneral", 8750)])
[ sum([i,j;int(1..2)]) | j : int(1..3), i : int(1..4), or([i in a,i in b;int(1..)]) ]

--

sum([toInt(a#occurrence_1),toInt(a#occurrence_2),toInt(a#occurrence_3),toInt(a#occurrence_4);int(1..)]) >= 0
   ~~> introduce_weighted_sumleq_sumgeq ([("Minion", 4600)])
SumGeq([a#occurrence_1, a#occurrence_2, a#occurrence_3, a#occurrence_4], 0)

--

sum([toInt(a#occurrence_1),toInt(a#occurrence_2),toInt(a#occurrence_3),toInt(a#occurrence_4);int(1..)]) <= 4
   ~~> introduce_weighted_sumleq_sumgeq ([("Minion", 4600)])
SumLeq([a#occurrence_1, a#occurrence_2, a#occurrence_3, a#occurrence_4], 4)

--

sum([toInt(b#occurrence_1),toInt(b#occurrence_2),toInt(b#occurrence_3),toInt(b#occurrence_4);int(1..)]) >= 0
   ~~> introduce_weighted_sumleq_sumgeq ([("Minion", 4600)])
SumGeq([b#occurrence_1, b#occurrence_2, b#occurrence_3, b#occurrence_4], 0)

--

sum([toInt(b#occurrence_1),toInt(b#occurrence_2),toInt(b#occurrence_3),toInt(b#occurrence_4);int(1..)]) <= 4
   ~~> introduce_weighted_sumleq_sumgeq ([("Minion", 4600)])
SumLeq([b#occurrence_1, b#occurrence_2, b#occurrence_3, b#occurrence_4], 4)

--

[ sum([i,j;int(1..2)]) | j : int(1..3), i : int(1..4), or([i in a,i in b;int(1..)]) ]
   ~~> expand_comprehension_native ([("Base", 2000)])
[product([toInt(or([1 in a,1 in b;int(1..)])),2;int(1..)]),product([toInt(or([2 in a,2 in b;int(1..)])),3;int(1..)]),product([toInt(or([3 in a,3 in b;int(1..)])),4;int(1..)]),product([toInt(or([4 in a,4 in b;int(1..)])),5;int(1..)]),product([toInt(or([1 in a,1 in b;int(1..)])),3;int(1..)]),product([toInt(or([2 in a,2 in b;int(1..)])),4;int(1..)]),product([toInt(or([3 in a,3 in b;int(1..)])),5;int(1..)]),product([toInt(or([4 in a,4 in b;int(1..)])),6;int(1..)]),product([toInt(or([1 in a,1 in b;int(1..)])),4;int(1..)]),product([toInt(or([2 in a,2 in b;int(1..)])),5;int(1..)]),product([toInt(or([3 in a,3 in b;int(1..)])),6;int(1..)]),product([toInt(or([4 in a,4 in b;int(1..)])),7;int(1..)]);int(1..)]

--

a
   ~~> select_representation ([("ReprGeneral", 10000)])
a

--

b
   ~~> select_representation ([("ReprGeneral", 10000)])
b

--

a
   ~~> select_representation ([("ReprGeneral", 10000)])
a

--

b
   ~~> select_representation ([("ReprGeneral", 10000)])
b

--

a
   ~~> select_representation ([("ReprGeneral", 10000)])
a

--

b
   ~~> select_representation ([("ReprGeneral", 10000)])
b

--

a
   ~~> select_representation ([("ReprGeneral", 10000)])
a

--

b
   ~~> select_representation ([("ReprGeneral", 10000)])
b

--

a
   ~~> select_representation ([("ReprGeneral", 10000)])
a

--

b
   ~~> select_representation ([("ReprGeneral", 10000)])
b

--

a
   ~~> select_representation ([("ReprGeneral", 10000)])
a

--

b
   ~~> select_representation ([("ReprGeneral", 10000)])
b

--

a
   ~~> select_representation ([("ReprGeneral", 10000)])
a

--

b
   ~~> select_representation ([("ReprGeneral", 10000)])
b

--

a
   ~~> select_representation ([("ReprGeneral", 10000)])
a

--

b
   ~~> select_representation ([("ReprGeneral", 10000)])
b

--

a
   ~~> select_representation ([("ReprGeneral", 10000)])
a

--

b
   ~~> select_representation ([("ReprGeneral", 10000)])
b

--

a
   ~~> select_representation ([("ReprGeneral", 10000)])
a

--

b
   ~~> select_representation ([("ReprGeneral", 10000)])
b

--

a
   ~~> select_representation ([("ReprGeneral", 10000)])
a

--

b
   ~~> select_representation ([("ReprGeneral", 10000)])
b

--

a
   ~~> select_representation ([("ReprGeneral", 10000)])
a

--

b
   ~~> select_representation ([("ReprGeneral", 10000)])
b

--

1 in a
   ~~> membership_occurrence ([("ReprGeneral", 9500)])
a#occurrence_1

--

1 in b
   ~~> membership_occurrence ([("ReprGeneral", 9500)])
b#occurrence_1

--

2 in a
   ~~> membership_occurrence ([("ReprGeneral", 9500)])
a#occurrence_2

--

2 in b
   ~~> membership_occurrence ([("ReprGeneral", 9500)])
b#occurrence_2

--

3 in a
   ~~> membership_occurrence ([("ReprGeneral", 9500)])
a#occurrence_3

--

3 in b
   ~~> membership_occurrence ([("ReprGeneral", 9500)])
b#occurrence_3

--

4 in a
   ~~> membership_occurrence ([("ReprGeneral", 9500)])
a#occurrence_4

--

4 in b
   ~~> membership_occurrence ([("ReprGeneral", 9500)])
b#occurrence_4

--

1 in a
   ~~> membership_occurrence ([("ReprGeneral", 9500)])
a#occurrence_1

--

1 in b
   ~~> membership_occurrence ([("ReprGeneral", 9500)])
b#occurrence_1

--

2 in a
   ~~> membership_occurrence ([("ReprGeneral", 9500)])
a#occurrence_2

--

2 in b
   ~~> membership_occurrence ([("ReprGeneral", 9500)])
b#occurrence_2

--

3 in a
   ~~> membership_occurrence ([("ReprGeneral", 9500)])
a#occurrence_3

--

3 in b
   ~~> membership_occurrence ([("ReprGeneral", 9500)])
b#occurrence_3

--

4 in a
   ~~> membership_occurrence ([("ReprGeneral", 9500)])
a#occurrence_4

--

4 in b
   ~~> membership_occurrence ([("ReprGeneral", 9500)])
b#occurrence_4

--

1 in a
   ~~> membership_occurrence ([("ReprGeneral", 9500)])
a#occurrence_1

--

1 in b
   ~~> membership_occurrence ([("ReprGeneral", 9500)])
b#occurrence_1

--

2 in a
   ~~> membership_occurrence ([("ReprGeneral", 9500)])
a#occurrence_2

--

2 in b
   ~~> membership_occurrence ([("ReprGeneral", 9500)])
b#occurrence_2

--

3 in a
   ~~> membership_occurrence ([("ReprGeneral", 9500)])
a#occurrence_3

--

3 in b
   ~~> membership_occurrence ([("ReprGeneral", 9500)])
b#occurrence_3

--

4 in a
   ~~> membership_occurrence ([("ReprGeneral", 9500)])
a#occurrence_4

--

4 in b
   ~~> membership_occurrence ([("ReprGeneral", 9500)])
b#occurrence_4

--

product([toInt(or([a#occurrence_1,b#occurrence_1;int(1..)])),2;int(1..)])
   ~~> reorder_product ([("Base", 8800)])
product([2,toInt(or([a#occurrence_1,b#occurrence_1;int(1..)]));int(1..)])

--

product([toInt(or([a#occurrence_2,b#occurrence_2;int(1..)])),3;int(1..)])
   ~~> reorder_product ([("Base", 8800)])
product([3,toInt(or([a#occurrence_2,b#occurrence_2;int(1..)]));int(1..)])

--

product([toInt(or([a#occurrence_3,b#occurrence_3;int(1..)])),4;int(1..)])
   ~~> reorder_product ([("Base", 8800)])
product([4,toInt(or([a#occurrence_3,b#occurrence_3;int(1..)]));int(1..)])

--

product([toInt(or([a#occurrence_4,b#occurrence_4;int(1..)])),5;int(1..)])
   ~~> reorder_product ([("Base", 8800)])
product([5,toInt(or([a#occurrence_4,b#occurrence_4;int(1..)]));int(1..)])

--

product([toInt(or([a#occurrence_1,b#occurrence_1;int(1..)])),3;int(1..)])
   ~~> reorder_product ([("Base", 8800)])
product([3,toInt(or([a#occurrence_1,b#occurrence_1;int(1..)]));int(1..)])

--

product([toInt(or([a#occurrence_2,b#occurrence_2;int(1..)])),4;int(1..)])
   ~~> reorder_product ([("Base", 8800)])
product([4,toInt(or([a#occurrence_2,b#occurrence_2;int(1..)]));int(1..)])

--

product([toInt(or([a#occurrence_3,b#occurrence_3;int(1..)])),5;int(1..)])
   ~~> reorder_product ([("Base", 8800)])
product([5,toInt(or([a#occurrence_3,b#occurrence_3;int(1..)]));int(1..)])

--

product([toInt(or([a#occurrence_4,b#occurrence_4;int(1..)])),6;int(1..)])
   ~~> reorder_product ([("Base", 8800)])
product([6,toInt(or([a#occurrence_4,b#occurrence_4;int(1..)]));int(1..)])

--

product([toInt(or([a#occurrence_1,b#occurrence_1;int(1..)])),4;int(1..)])
   ~~> reorder_product ([("Base", 8800)])
product([4,toInt(or([a#occurrence_1,b#occurrence_1;int(1..)]));int(1..)])

--

product([toInt(or([a#occurrence_2,b#occurrence_2;int(1..)])),5;int(1..)])
   ~~> reorder_product ([("Base", 8800)])
product([5,toInt(or([a#occurrence_2,b#occurrence_2;int(1..)]));int(1..)])

--

product([toInt(or([a#occurrence_3,b#occurrence_3;int(1..)])),6;int(1..)])
   ~~> reorder_product ([("Base", 8800)])
product([6,toInt(or([a#occurrence_3,b#occurrence_3;int(1..)]));int(1..)])

--

product([toInt(or([a#occurrence_4,b#occurrence_4;int(1..)])),7;int(1..)])
   ~~> reorder_product ([("Base", 8800)])
product([7,toInt(or([a#occurrence_4,b#occurrence_4;int(1..)]));int(1..)])

--

sum([product([2,toInt(or([a#occurrence_1,b#occurrence_1;int(1..)]));int(1..)]),product([3,toInt(or([a#occurrence_2,b#occurrence_2;int(1..)]));int(1..)]),product([4,toInt(or([a#occurrence_3,b#occurrence_3;int(1..)]));int(1..)]),product([5,toInt(or([a#occurrence_4,b#occurrence_4;int(1..)]));int(1..)]),product([3,toInt(or([a#occurrence_1,b#occurrence_1;int(1..)]));int(1..)]),product([4,toInt(or([a#occurrence_2,b#occurrence_2;int(1..)]));int(1..)]),product([5,toInt(or([a#occurrence_3,b#occurrence_3;int(1..)]));int(1..)]),product([6,toInt(or([a#occurrence_4,b#occurrence_4;int(1..)]));int(1..)]),product([4,toInt(or([a#occurrence_1,b#occurrence_1;int(1..)]));int(1..)]),product([5,toInt(or([a#occurrence_2,b#occurrence_2;int(1..)]));int(1..)]),product([6,toInt(or([a#occurrence_3,b#occurrence_3;int(1..)]));int(1..)]),product([7,toInt(or([a#occurrence_4,b#occurrence_4;int(1..)]));int(1..)]);int(1..)]) = 10
   ~~> introduce_weighted_sumleq_sumgeq ([("Minion", 4600)])
and([FlatWeightedSumLeq([2, 3, 6, 7, 4, 5, 3, 4, 5, 6, 4, 5],[__0, __1, __10, __11, __2, __3, __4, __5, __6, __7, __8, __9],10),FlatWeightedSumGeq([2, 3, 6, 7, 4, 5, 3, 4, 5, 6, 4, 5],[__0, __1, __10, __11, __2, __3, __4, __5, __6, __7, __8, __9],10);int(1..)])
new variables:
  findAux __0: int(0..1)
  findAux __1: int(0..1)
  findAux __2: int(0..1)
  findAux __3: int(0..1)
  findAux __4: int(0..1)
  findAux __5: int(0..1)
  findAux __6: int(0..1)
  findAux __7: int(0..1)
  findAux __8: int(0..1)
  findAux __9: int(0..1)
  findAux __10: int(0..1)
  findAux __11: int(0..1)
new constraints:
  __0 =aux product([toInt(or([a#occurrence_1,b#occurrence_1;int(1..)]));int(1..)])
  __1 =aux product([toInt(or([a#occurrence_2,b#occurrence_2;int(1..)]));int(1..)])
  __2 =aux product([toInt(or([a#occurrence_3,b#occurrence_3;int(1..)]));int(1..)])
  __3 =aux product([toInt(or([a#occurrence_4,b#occurrence_4;int(1..)]));int(1..)])
  __4 =aux product([toInt(or([a#occurrence_1,b#occurrence_1;int(1..)]));int(1..)])
  __5 =aux product([toInt(or([a#occurrence_2,b#occurrence_2;int(1..)]));int(1..)])
  __6 =aux product([toInt(or([a#occurrence_3,b#occurrence_3;int(1..)]));int(1..)])
  __7 =aux product([toInt(or([a#occurrence_4,b#occurrence_4;int(1..)]));int(1..)])
  __8 =aux product([toInt(or([a#occurrence_1,b#occurrence_1;int(1..)]));int(1..)])
  __9 =aux product([toInt(or([a#occurrence_2,b#occurrence_2;int(1..)]));int(1..)])
  __10 =aux product([toInt(or([a#occurrence_3,b#occurrence_3;int(1..)]));int(1..)])
  __11 =aux product([toInt(or([a#occurrence_4,b#occurrence_4;int(1..)]));int(1..)])

--

product([toInt(or([a#occurrence_1,b#occurrence_1;int(1..)]));int(1..)])
   ~~> remove_unit_vector_products ([("Base", 8800)])
toInt(or([a#occurrence_1,b#occurrence_1;int(1..)]))

--

product([toInt(or([a#occurrence_2,b#occurrence_2;int(1..)]));int(1..)])
   ~~> remove_unit_vector_products ([("Base", 8800)])
toInt(or([a#occurrence_2,b#occurrence_2;int(1..)]))

--

product([toInt(or([a#occurrence_3,b#occurrence_3;int(1..)]));int(1..)])
   ~~> remove_unit_vector_products ([("Base", 8800)])
toInt(or([a#occurrence_3,b#occurrence_3;int(1..)]))

--

product([toInt(or([a#occurrence_4,b#occurrence_4;int(1..)]));int(1..)])
   ~~> remove_unit_vector_products ([("Base", 8800)])
toInt(or([a#occurrence_4,b#occurrence_4;int(1..)]))

--

product([toInt(or([a#occurrence_1,b#occurrence_1;int(1..)]));int(1..)])
   ~~> remove_unit_vector_products ([("Base", 8800)])
toInt(or([a#occurrence_1,b#occurrence_1;int(1..)]))

--

product([toInt(or([a#occurrence_2,b#occurrence_2;int(1..)]));int(1..)])
   ~~> remove_unit_vector_products ([("Base", 8800)])
toInt(or([a#occurrence_2,b#occurrence_2;int(1..)]))

--

product([toInt(or([a#occurrence_3,b#occurrence_3;int(1..)]));int(1..)])
   ~~> remove_unit_vector_products ([("Base", 8800)])
toInt(or([a#occurrence_3,b#occurrence_3;int(1..)]))

--

product([toInt(or([a#occurrence_4,b#occurrence_4;int(1..)]));int(1..)])
   ~~> remove_unit_vector_products ([("Base", 8800)])
toInt(or([a#occurrence_4,b#occurrence_4;int(1..)]))

--

product([toInt(or([a#occurrence_1,b#occurrence_1;int(1..)]));int(1..)])
   ~~> remove_unit_vector_products ([("Base", 8800)])
toInt(or([a#occurrence_1,b#occurrence_1;int(1..)]))

--

product([toInt(or([a#occurrence_2,b#occurrence_2;int(1..)]));int(1..)])
   ~~> remove_unit_vector_products ([("Base", 8800)])
toInt(or([a#occurrence_2,b#occurrence_2;int(1..)]))

--

product([toInt(or([a#occurrence_3,b#occurrence_3;int(1..)]));int(1..)])
   ~~> remove_unit_vector_products ([("Base", 8800)])
toInt(or([a#occurrence_3,b#occurrence_3;int(1..)]))

--

product([toInt(or([a#occurrence_4,b#occurrence_4;int(1..)]));int(1..)])
   ~~> remove_unit_vector_products ([("Base", 8800)])
toInt(or([a#occurrence_4,b#occurrence_4;int(1..)]))

--

toInt(or([a#occurrence_1,b#occurrence_1;int(1..)]))
   ~~> flatten_generic ([("Minion", 4200)])
toInt(__12)
new variables:
  findAux __12: bool
new constraints:
  __12 =aux or([a#occurrence_1,b#occurrence_1;int(1..)])

--

__12 =aux or([a#occurrence_1,b#occurrence_1;int(1..)])
   ~~> bool_eq_to_reify ([("Minion", 4400)])
Reify(or([a#occurrence_1,b#occurrence_1;int(1..)]), __12)

--

toInt(or([a#occurrence_2,b#occurrence_2;int(1..)]))
   ~~> flatten_generic ([("Minion", 4200)])
toInt(__13)
new variables:
  findAux __13: bool
new constraints:
  __13 =aux or([a#occurrence_2,b#occurrence_2;int(1..)])

--

__13 =aux or([a#occurrence_2,b#occurrence_2;int(1..)])
   ~~> bool_eq_to_reify ([("Minion", 4400)])
Reify(or([a#occurrence_2,b#occurrence_2;int(1..)]), __13)

--

toInt(or([a#occurrence_3,b#occurrence_3;int(1..)]))
   ~~> flatten_generic ([("Minion", 4200)])
toInt(__14)
new variables:
  findAux __14: bool
new constraints:
  __14 =aux or([a#occurrence_3,b#occurrence_3;int(1..)])

--

__14 =aux or([a#occurrence_3,b#occurrence_3;int(1..)])
   ~~> bool_eq_to_reify ([("Minion", 4400)])
Reify(or([a#occurrence_3,b#occurrence_3;int(1..)]), __14)

--

toInt(or([a#occurrence_4,b#occurrence_4;int(1..)]))
   ~~> flatten_generic ([("Minion", 4200)])
toInt(__15)
new variables:
  findAux __15: bool
new constraints:
  __15 =aux or([a#occurrence_4,b#occurrence_4;int(1..)])

--

__15 =aux or([a#occurrence_4,b#occurrence_4;int(1..)])
   ~~> bool_eq_to_reify ([("Minion", 4400)])
Reify(or([a#occurrence_4,b#occurrence_4;int(1..)]), __15)

--

toInt(or([a#occurrence_1,b#occurrence_1;int(1..)]))
   ~~> flatten_generic ([("Minion", 4200)])
toInt(__16)
new variables:
  findAux __16: bool
new constraints:
  __16 =aux or([a#occurrence_1,b#occurrence_1;int(1..)])

--

__16 =aux or([a#occurrence_1,b#occurrence_1;int(1..)])
   ~~> bool_eq_to_reify ([("Minion", 4400)])
Reify(or([a#occurrence_1,b#occurrence_1;int(1..)]), __16)

--

toInt(or([a#occurrence_2,b#occurrence_2;int(1..)]))
   ~~> flatten_generic ([("Minion", 4200)])
toInt(__17)
new variables:
  findAux __17: bool
new constraints:
  __17 =aux or([a#occurrence_2,b#occurrence_2;int(1..)])

--

__17 =aux or([a#occurrence_2,b#occurrence_2;int(1..)])
   ~~> bool_eq_to_reify ([("Minion", 4400)])
Reify(or([a#occurrence_2,b#occurrence_2;int(1..)]), __17)

--

toInt(or([a#occurrence_3,b#occurrence_3;int(1..)]))
   ~~> flatten_generic ([("Minion", 4200)])
toInt(__18)
new variables:
  findAux __18: bool
new constraints:
  __18 =aux or([a#occurrence_3,b#occurrence_3;int(1..)])

--

__18 =aux or([a#occurrence_3,b#occurrence_3;int(1..)])
   ~~> bool_eq_to_reify ([("Minion", 4400)])
Reify(or([a#occurrence_3,b#occurrence_3;int(1..)]), __18)

--

toInt(or([a#occurrence_4,b#occurrence_4;int(1..)]))
   ~~> flatten_generic ([("Minion", 4200)])
toInt(__19)
new variables:
  findAux __19: bool
new constraints:
  __19 =aux or([a#occurrence_4,b#occurrence_4;int(1..)])

--

__19 =aux or([a#occurrence_4,b#occurrence_4;int(1..)])
   ~~> bool_eq_to_reify ([("Minion", 4400)])
Reify(or([a#occurrence_4,b#occurrence_4;int(1..)]), __19)

--

toInt(or([a#occurrence_1,b#occurrence_1;int(1..)]))
   ~~> flatten_generic ([("Minion", 4200)])
toInt(__20)
new variables:
  findAux __20: bool
new constraints:
  __20 =aux or([a#occurrence_1,b#occurrence_1;int(1..)])

--

__20 =aux or([a#occurrence_1,b#occurrence_1;int(1..)])
   ~~> bool_eq_to_reify ([("Minion", 4400)])
Reify(or([a#occurrence_1,b#occurrence_1;int(1..)]), __20)

--

toInt(or([a#occurrence_2,b#occurrence_2;int(1..)]))
   ~~> flatten_generic ([("Minion", 4200)])
toInt(__21)
new variables:
  findAux __21: bool
new constraints:
  __21 =aux or([a#occurrence_2,b#occurrence_2;int(1..)])

--

__21 =aux or([a#occurrence_2,b#occurrence_2;int(1..)])
   ~~> bool_eq_to_reify ([("Minion", 4400)])
Reify(or([a#occurrence_2,b#occurrence_2;int(1..)]), __21)

--

toInt(or([a#occurrence_3,b#occurrence_3;int(1..)]))
   ~~> flatten_generic ([("Minion", 4200)])
toInt(__22)
new variables:
  findAux __22: bool
new constraints:
  __22 =aux or([a#occurrence_3,b#occurrence_3;int(1..)])

--

__22 =aux or([a#occurrence_3,b#occurrence_3;int(1..)])
   ~~> bool_eq_to_reify ([("Minion", 4400)])
Reify(or([a#occurrence_3,b#occurrence_3;int(1..)]), __22)

--

toInt(or([a#occurrence_4,b#occurrence_4;int(1..)]))
   ~~> flatten_generic ([("Minion", 4200)])
toInt(__23)
new variables:
  findAux __23: bool
new constraints:
  __23 =aux or([a#occurrence_4,b#occurrence_4;int(1..)])

--

__23 =aux or([a#occurrence_4,b#occurrence_4;int(1..)])
   ~~> bool_eq_to_reify ([("Minion", 4400)])
Reify(or([a#occurrence_4,b#occurrence_4;int(1..)]), __23)

--

Final model:

find a: set{occurrence} of int(1..4)
find b: set{occurrence} of int(1..4)
find a#occurrence_1: bool
find a#occurrence_2: bool
find a#occurrence_3: bool
find a#occurrence_4: bool
find b#occurrence_1: bool
find b#occurrence_2: bool
find b#occurrence_3: bool
find b#occurrence_4: bool
findAux __0: int(0..1)
findAux __1: int(0..1)
findAux __2: int(0..1)
findAux __3: int(0..1)
findAux __4: int(0..1)
findAux __5: int(0..1)
findAux __6: int(0..1)
findAux __7: int(0..1)
findAux __8: int(0..1)
findAux __9: int(0..1)
findAux __10: int(0..1)
findAux __11: int(0..1)
findAux __12: bool
findAux __13: bool
findAux __14: bool
findAux __15: bool
findAux __16: bool
findAux __17: bool
findAux __18: bool
findAux __19: bool
findAux __20: bool
findAux __21: bool
findAux __22: bool
findAux __23: bool

such that

and([FlatWeightedSumLeq([2, 3, 6, 7, 4, 5, 3, 4, 5, 6, 4, 5],[__0, __1, __10, __11, __2, __3, __4, __5, __6, __7, __8, __9],10),FlatWeightedSumGeq([2, 3, 6, 7, 4, 5, 3, 4, 5, 6, 4, 5],[__0, __1, __10, __11, __2, __3, __4, __5, __6, __7, __8, __9],10);int(1..)]),
and([SumGeq([a#occurrence_1, a#occurrence_2, a#occurrence_3, a#occurrence_4], 0),SumLeq([a#occurrence_1, a#occurrence_2, a#occurrence_3, a#occurrence_4], 4);int(1..)]),
and([SumGeq([b#occurrence_1, b#occurrence_2, b#occurrence_3, b#occurrence_4], 0),SumLeq([b#occurrence_1, b#occurrence_2, b#occurrence_3, b#occurrence_4], 4);int(1..)]),
__0 =aux toInt(__12),
__1 =aux toInt(__13),
__2 =aux toInt(__14),
__3 =aux toInt(__15),
__4 =aux toInt(__16),
__5 =aux toInt(__17),
__6 =aux toInt(__18),
__7 =aux toInt(__19),
__8 =aux toInt(__20),
__9 =aux toInt(__21),
__10 =aux toInt(__22),
__11 =aux toInt(__23),
Reify(or([a#occurrence_1,b#occurrence_1;int(1..)]), __12),
Reify(or([a#occurrence_2,b#occurrence_2;int(1..)]), __13),
Reify(or([a#occurrence_3,b#occurrence_3;int(1..)]), __14),
Reify(or([a#occurrence_4,b#occurrence_4;int(1..)]), __15),
Reify(or([a#occurrence_1,b#occurrence_1;int(1..)]), __16),
Reify(or([a#occurrence_2,b#occurrence_2;int(1..)]), __17),
Reify(or([a#occurrence_3,b#occurrence_3;int(1..)]), __18),
Reify(or([a#occurrence_4,b#occurrence_4;int(1..)]), __19),
Reify(or([a#occurrence_1,b#occurrence_1;int(1..)]), __20),
Reify(or([a#occurrence_2,b#occurrence_2;int(1..)]), __21),
Reify(or([a#occurrence_3,b#occurrence_3;int(1..)]), __22),
Reify(or([a#occurrence_4,b#occurrence_4;int(1..)]), __23)

