total_rule_applications: 73
     7 normalise_associative_commutative
     6 index_matrix_to_atom
     6 index_to_bubble
     6 introduce_element_from_index
     6 minus_to_sum
     6 remove_unit_vector_products
     6 remove_unit_vector_sum
     6 reorder_product
     4 flatten_generic
     3 introduce_poweq
     3 pow_to_bubble
     2 bool_eq_to_reify
     2 leq_to_ineq
     2 matrix_to_list
     2 select_repr_mta
     1 expand_comprehension_via_solver_ac
     1 flatten_eq
     1 flatten_imply
     1 introduce_reifyimply_ineq_from_imply
     1 introduce_weighted_sumleq_sumgeq
     1 remove_unit_vector_and
