MINION 3
# CSETopLevel_number = 0
# CSETopLevel_eliminated_expressions = 0
# CSETopLevel_total_size = 0
# CSE_number = 0
# CSE_eliminated_expressions = 0
# CSE_total_size = 0
**VARIABLES**
DISCRETE x #
{0..100}
**SEARCH**
PRINT[[x]]
VARORDER STATIC [x]
VARORDER AUX []
**CONSTRAINTS**
w-literal(x,8)**EOF**
