Solutions:
[
  {
    "G_FunctionAsRelationR2R2_RelationAsSetR2R2_ExplicitR2R2_1_Occurrence": {
      "AbstractLiteral": {
        "Matrix": [
          [
            {
              "AbstractLiteral": {
                "Matrix": [
                  [
                    {
                      "Int": 1
                    }
                  ],
                  {
                    "Int": [
                      {
                        "UnboundedR": 1
                      }
                    ]
                  }
                ]
              }
            }
          ],
          {
            "Int": [
              {
                "UnboundedR": 1
              }
            ]
          }
        ]
      }
    },
    "G_FunctionAsRelationR2R2_RelationAsSetR2R2_ExplicitR2R2_2_Occurrence": {
      "AbstractLiteral": {
        "Matrix": [
          [
            {
              "AbstractLiteral": {
                "Matrix": [
                  [
                    {
                      "Int": 1
                    }
                  ],
                  {
                    "Int": [
                      {
                        "UnboundedR": 1
                      }
                    ]
                  }
                ]
              }
            }
          ],
          {
            "Int": [
              {
                "UnboundedR": 1
              }
            ]
          }
        ]
      }
    },
    "omitList_ExplicitBounded_Length": {
      "Int": 1
    },
    "omitList_ExplicitBounded_Values": {
      "AbstractLiteral": {
        "Matrix": [
          [
            {
              "Int": 0
            }
          ],
          {
            "Int": [
              {
                "UnboundedR": 1
              }
            ]
          }
        ]
      }
    },
    "rel_RelationAsMatrix": {
      "AbstractLiteral": {
        "Matrix": [
          [
            {
              "AbstractLiteral": {
                "Matrix": [
                  [
                    {
                      "Int": 0
                    }
                  ],
                  {
                    "Int": [
                      {
                        "UnboundedR": 1
                      }
                    ]
                  }
                ]
              }
            }
          ],
          {
            "Int": [
              {
                "UnboundedR": 1
              }
            ]
          }
        ]
      }
    },
    "score": {
      "Int": 0
    }
  }
]
