letting n be 5
find class: matrix indexed by [int(1..n)] of int(1..2)
find class#components_1: int(1..2)
find class#components_2: int(1..2)
find class#components_3: int(1..2)
find class#components_4: int(1..2)
find class#components_5: int(1..2)

such that

or([class#components_3 != class#components_4,class#components_4 != class#components_5,class#components_5 != class#components_3;int(1..)])

73
220552
letting n be 10
find class: matrix indexed by [int(1..n)] of int(1..2)
find class#components_1: int(1..2)
find class#components_2: int(1..2)
find class#components_3: int(1..2)
find class#components_4: int(1..2)
find class#components_5: int(1..2)
find class#components_6: int(1..2)
find class#components_7: int(1..2)
find class#components_8: int(1..2)
find class#components_9: int(1..2)
find class#components_10: int(1..2)

such that

or([class#components_3 != class#components_4,class#components_4 != class#components_5,class#components_5 != class#components_3;int(1..)]),
or([class#components_6 != class#components_8,class#components_8 != class#components_10,class#components_10 != class#components_6;int(1..)])

73
266267
